
~~~ Run details  ~~~~~~~~~~~~~~~~~~~~~~~~~~~~~~~~~~~~~~~
 >> json filename:          demos/BEC_Experiment/jsons/binary-details.json
 >> run mode:               golden run full
 >> Note: No patched instructions.
WARNING: We are not checking the return value from set cpu model, because it errors on Tricore for some reason
 >> Writing register input #0 directly to register: RAX. Value: 0x0000000000000005

~~~~ Running the program once to count the instructions ~~~~~~~~~~~~~~~~~~~~~~~~~~~
 >> Total instructions run:   46
 >> Time to run:              391676 ns 
 >> Time per instruction:     8514 ns 

~~~~ GRF Running the program to display all instructions ~~~~~~~~~~~~~~~~~~~~~~~~~~~
 >> Writing register input #0 directly to register: RAX. Value: 0x0000000000000005
00000001 hit:0001. 0x00000170 50                   	: push rax
00000002 hit:0002. 0x00000171 48 8d 3d 8c 0e 00 00 	: lea rdi, [rip + 0xe8c]
00000003 hit:0001. 0x00000178 48 89 e6             	: mov rsi, rsp
00000004 hit:0001. 0x0000017b 31 c0                	: xor eax, eax
Skipping address: 0x17d. Size: 5
00000005 hit:0001. 0x0000017d e8 ae fe ff ff       	: call 0xeb3
00000006 hit:0001. 0x00000182 8b 04 24             	: mov eax, dword ptr [rsp]
00000007 hit:0001. 0x00000185 85 c0                	: test eax, eax
00000008 hit:0001. 0x00000187 7e 28                	: jle 0x102a
00000009 hit:0001. 0x00000189 f7 d8                	: neg eax
00000010 hit:0001. 0x0000018b b9 01 00 00 00       	: mov ecx, 1
00000011 hit:0001. 0x00000190 ba 01 00 00 00       	: mov edx, 1
00000012 hit:0001. 0x00000195 66 66 2e 0f 1f 84 00 00 00 00 00 	: nop word ptr cs:[rax + rax]
00000013 hit:0001. 0x000001a0 0f af ca             	: imul ecx, edx
00000014 hit:0001. 0x000001a3 8d 34 10             	: lea esi, [rax + rdx]
00000015 hit:0001. 0x000001a6 ff c6                	: inc esi
00000016 hit:0001. 0x000001a8 ff c2                	: inc edx
00000017 hit:0001. 0x000001aa 83 fe 01             	: cmp esi, 1
00000018 hit:0001. 0x000001ad 75 f1                	: jne 0xff3
00000019 hit:0002. 0x000001a0 0f af ca             	: imul ecx, edx

//
//
// Inserting a bitflip here!, applying 32 different bitflips in separate runs
//
//

00000020 hit:0002. 0x000001a3 8d 34 10             	: lea esi, [rax + rdx]

00000021 hit:0002. 0x000001a6 ff c6                	: inc esi
00000022 hit:0002. 0x000001a8 ff c2                	: inc edx
00000023 hit:0002. 0x000001aa 83 fe 01             	: cmp esi, 1
00000024 hit:0002. 0x000001ad 75 f1                	: jne 0xff3
00000025 hit:0003. 0x000001a0 0f af ca             	: imul ecx, edx
00000026 hit:0003. 0x000001a3 8d 34 10             	: lea esi, [rax + rdx]
00000027 hit:0003. 0x000001a6 ff c6                	: inc esi
00000028 hit:0003. 0x000001a8 ff c2                	: inc edx
00000029 hit:0003. 0x000001aa 83 fe 01             	: cmp esi, 1
00000030 hit:0003. 0x000001ad 75 f1                	: jne 0xff3
00000031 hit:0004. 0x000001a0 0f af ca             	: imul ecx, edx
00000032 hit:0004. 0x000001a3 8d 34 10             	: lea esi, [rax + rdx]
00000033 hit:0004. 0x000001a6 ff c6                	: inc esi
00000034 hit:0004. 0x000001a8 ff c2                	: inc edx
00000035 hit:0004. 0x000001aa 83 fe 01             	: cmp esi, 1
00000036 hit:0004. 0x000001ad 75 f1                	: jne 0xff3
00000037 hit:0005. 0x000001a0 0f af ca             	: imul ecx, edx
00000038 hit:0005. 0x000001a3 8d 34 10             	: lea esi, [rax + rdx]
00000039 hit:0005. 0x000001a6 ff c6                	: inc esi
00000040 hit:0005. 0x000001a8 ff c2                	: inc edx
00000041 hit:0005. 0x000001aa 83 fe 01             	: cmp esi, 1
00000042 hit:0005. 0x000001ad 75 f1                	: jne 0xff3
00000043 hit:0001. 0x000001af eb 05                	: jmp 0x1007
00000044 hit:0001. 0x000001b6 89 4c 24 04          	: mov dword ptr [rsp + 4], ecx
00000045 hit:0001. 0x000001ba 31 c0                	: xor eax, eax
00000046 hit:0001. 0x000001bc 59                   	: pop rcx
 >> Total instructions in faulting range:   46
 >>> Output from register (RAX): 0x0.
 >>> Output from register (RDI): 0x1004.
 >>> Output from register (ECX): 0x5.
 >>> Output from register (RCX): 0x7800000005.
 >>> Output from address (0x08000fd4): 00000000
 >>> Output from address (0x08000fe8): 05000000
 >>> Output from address (0x08000fec): 78000000
Finished.
